// Jest Snapshot v1, https://goo.gl/fbAQLP

exports[`import postcss plugin basic: css 1`] = `
"@import url();
@import url('');
@import url(\\"\\");
@import '';
@import \\"\\";
@import \\"   \\";
@import url();
@import url('');
@import url(\\"\\");
@import ;
@import foo-bar;
@import-normalize;
@import url('http://') :root {}

.class {
  a: b c d;
}

.foo {
  @import 'path.css';
}
"
`;
