// Jest Snapshot v1, https://goo.gl/fbAQLP

exports[`URL postcss plugin basic: css 1`] = `
".class {
  background: url(___CSS_LOADER_URL___0___);
}

.class-hash {
  background: url(___CSS_LOADER_URL___0___#hash);
}

.class {
  background: url(
    ___CSS_LOADER_URL___0___
  );
}

.class {
  background: green url(___CSS_LOADER_URL___0___);
}

.class {
  background: url(___CSS_LOADER_URL___0___) xyz;
}

.class {
  background: green url(___CSS_LOADER_URL___0___) xyz;
}

.class {
  background: url( ___CSS_LOADER_URL___0___ );
}

.class {
  background: url(___CSS_LOADER_URL___0___);
}

.class {
  background: url(___CSS_LOADER_URL___0___);
}

.class {
  background: url(
    ___CSS_LOADER_URL___0___
  );
}

.class {
  background: url( ___CSS_LOADER_URL___0___ );
}

.class {
  background: url(___CSS_LOADER_URL___1___) url(___CSS_LOADER_URL___2___);
}

.class {
  background: green url(___CSS_LOADER_URL___1___) url(___CSS_LOADER_URL___2___);
}

.class {
  background: url(___CSS_LOADER_URL___1___) url(___CSS_LOADER_URL___2___) xyz;
}

.class {
  background: green url( ___CSS_LOADER_URL___1___ ) url(___CSS_LOADER_URL___2___) xyz;
}

.class {
  background: url( ___CSS_LOADER_URL___3___ );
}

.class {
  background: url( ___CSS_LOADER_URL___3___ );
}

.class {
  background: url(/img.png);
}

.class {
  background: url(data:image/png;base64,AAA) url(http://example.com/image.jpg) url(//example.com/image.png);
}

.class {
  background: url(data:image/png;base64,AAA);
}

.class {
  background: url(\\"data:image/svg+xml;charset=utf-8,<svg xmlns='http://www.w3.org/2000/svg' viewBox='0 0 42 26' fill='%23007aff'><rect width='4' height='4'/><rect x='8' y='1' width='34' height='2'/><rect y='11' width='4' height='4'/><rect x='8' y='12' width='34' height='2'/><rect y='22' width='4' height='4'/><rect x='8' y='23' width='34' height='2'/></svg>\\");
}

.class {
  background: url(\\"data:image/svg+xml;charset=utf-8,%3Csvg%20xmlns%3D%27http%3A%2F%2Fwww.w3.org%2F2000%2Fsvg%27%20viewBox%3D%270%200%2042%2026%27%20fill%3D%27%2523007aff%27%3E%3Crect%20width%3D%274%27%20height%3D%274%27%2F%3E%3Crect%20x%3D%278%27%20y%3D%271%27%20width%3D%2734%27%20height%3D%272%27%2F%3E%3Crect%20y%3D%2711%27%20width%3D%274%27%20height%3D%274%27%2F%3E%3Crect%20x%3D%278%27%20y%3D%2712%27%20width%3D%2734%27%20height%3D%272%27%2F%3E%3Crect%20y%3D%2722%27%20width%3D%274%27%20height%3D%274%27%2F%3E%3Crect%20x%3D%278%27%20y%3D%2723%27%20width%3D%2734%27%20height%3D%272%27%2F%3E%3C%2Fsvg%3E\\")
}

.class {
  filter: url('data:image/svg+xml;charset=utf-8,<svg xmlns=\\"http://www.w3.org/2000/svg\\"><filter id=\\"filter\\"><feGaussianBlur in=\\"SourceAlpha\\" stdDeviation=\\"0\\" /><feOffset dx=\\"1\\" dy=\\"2\\" result=\\"offsetblur\\" /><feFlood flood-color=\\"rgba(255,255,255,1)\\" /><feComposite in2=\\"offsetblur\\" operator=\\"in\\" /><feMerge><feMergeNode /><feMergeNode in=\\"SourceGraphic\\" /></feMerge></filter></svg>#filter');
}

.class {
  filter: url('data:image/svg+xml;charset=utf-8,%3Csvg%20xmlns%3D%5C%22http%3A%2F%2Fwww.w3.org%2F2000%2Fsvg%5C%22%3E%3Cfilter%20id%3D%5C%22filter%5C%22%3E%3CfeGaussianBlur%20in%3D%5C%22SourceAlpha%5C%22%20stdDeviation%3D%5C%220%5C%22%20%2F%3E%3CfeOffset%20dx%3D%5C%221%5C%22%20dy%3D%5C%222%5C%22%20result%3D%5C%22offsetblur%5C%22%20%2F%3E%3CfeFlood%20flood-color%3D%5C%22rgba(255%2C255%2C255%2C1)%5C%22%20%2F%3E%3CfeComposite%20in2%3D%5C%22offsetblur%5C%22%20operator%3D%5C%22in%5C%22%20%2F%3E%3CfeMerge%3E%3CfeMergeNode%20%2F%3E%3CfeMergeNode%20in%3D%5C%22SourceGraphic%5C%22%20%2F%3E%3C%2FfeMerge%3E%3C%2Ffilter%3E%3C%2Fsvg%3E%23filter');
}

.class {
  filter: url(#highlight);
}

.class {
  filter: url('#line-marker');
}

.class {
  filter: url(\\"#line-marker\\");
}

@font-face {
  src: url(___CSS_LOADER_URL___4___) format('woff'),
    url(___CSS_LOADER_URL___5___) format('woff2')
    url(___CSS_LOADER_URL___6___) format('eot'),
    url(___CSS_LOADER_URL___7___) format('truetype');
}

@font-face {
  src: url(___CSS_LOADER_URL___6___?#iefix) format('embedded-opentype');
}

@font-face {
  src: url(___CSS_LOADER_URL___8___#svgFontName) format('svg')
}

@media (min-width: 500px) {
  .class {
    background: url(___CSS_LOADER_URL___0___);
  }
}

.class {
  content: \\"do not use url(path)\\";
}

.class {
  content: 'do not \\"use\\" url(path)';
}

@keyframes anim {
  background: url(___CSS_LOADER_URL___0___);
}

.class {
  background: -webkit-image-set(url(___CSS_LOADER_URL___0___) 1x, url(___CSS_LOADER_URL___9___) 2x);
}

.class {
  background: url();
}

.class {
  background: url('');
}

.class {
  background: url('   ');
}

.class {
  background: url(
    ' '
  );
}

.class {
  background: url(https://raw.githubusercontent.com/webpack/media/master/logo/icon.png);
}

.class {
  background: url(//raw.githubusercontent.com/webpack/media/master/logo/icon.png);
}

.foo {
  color: red;
}

.imported-css {
  background: url(___CSS_LOADER_URL___10___);
}

.class {
  background: url(___CSS_LOADER_URL___11___);
}
"
`;
